cwd: D:\Home\Repo\pipeline_carstable_to_webapp
command: C:\Users\hzwlc\AppData\Local\Python\pythoncore-3.14-64\python.exe tools/build_publish_site.py --publish-repo D:\Home\Repo\pipeline_carstable_to_webapp\..\..\Scripts\publish_tables_to_webapp --html-root D:\Home\Repo\pipeline_carstable_to_webapp\artifact\2026-09-21_01_pipeline\04_store_html --pipeline-config D:\Home\Repo\pipeline_carstable_to_webapp\artifact\2026-09-21_01_pipeline\00_input\pipeline.generated.json --html-style-config D:\Home\Repo\pipeline_carstable_to_webapp/configs/html-style.yaml --workspace D:\Home\Repo\pipeline_carstable_to_webapp\artifact\2026-09-21_01_pipeline\05_site_workspace --site-output D:\Home\Repo\pipeline_carstable_to_webapp\public

Traceback (most recent call last):
  File "D:\Home\Repo\pipeline_carstable_to_webapp\artifact\2026-09-21_01_pipeline\05_site_workspace\tools\build_site.py", line 90, in <module>
    main()
    ~~~~^^
  File "D:\Home\Repo\pipeline_carstable_to_webapp\artifact\2026-09-21_01_pipeline\05_site_workspace\tools\build_site.py", line 68, in main
    validate_generated_data(ROOT)
    ~~~~~~~~~~~~~~~~~~~~~~~^^^^^^
  File "D:\Home\Repo\pipeline_carstable_to_webapp\artifact\2026-09-21_01_pipeline\05_site_workspace\tools\validate_generated_data.py", line 181, in validate_generated_data
    raise ValueError("generated data validation failed:\n- " + "\n- ".join(errors))
ValueError: generated data validation failed:
- HNT全量 records never provide required fields: 长度余量
- TM_拆分全量 records never provide required fields: 长度余量
- TM全量 records never provide required fields: 长度余量
- 全尺码全量 records never provide required fields: 长度余量
[configure_publish] stores=['HNT全量', 'TM_拆分全量', 'TM全量', '全尺码全量']; reuse existing size reference
[export_csv_sources] C:\Users\hzwlc\AppData\Local\Python\pythoncore-3.14-64\python.exe D:\Home\Repo\pipeline_carstable_to_webapp\artifact\2026-09-21_01_pipeline\05_site_workspace\tools\export_csv_sources.py --pipeline-config D:\Home\Repo\pipeline_carstable_to_webapp\artifact\2026-09-21_01_pipeline\00_input\pipeline.generated.json
[build_site] C:\Users\hzwlc\AppData\Local\Python\pythoncore-3.14-64\python.exe D:\Home\Repo\pipeline_carstable_to_webapp\artifact\2026-09-21_01_pipeline\05_site_workspace\tools\build_site.py
Traceback (most recent call last):
  File "D:\Home\Repo\pipeline_carstable_to_webapp\tools\build_publish_site.py", line 192, in <module>
    main()
    ~~~~^^
  File "D:\Home\Repo\pipeline_carstable_to_webapp\tools\build_publish_site.py", line 179, in main
    subprocess.run(command, cwd=workspace, check=True)
    ~~~~~~~~~~~~~~^^^^^^^^^^^^^^^^^^^^^^^^^^^^^^^^^^^^
  File "C:\Users\hzwlc\AppData\Local\Python\pythoncore-3.14-64\Lib\subprocess.py", line 578, in run
    raise CalledProcessError(retcode, process.args,
                             output=stdout, stderr=stderr)
subprocess.CalledProcessError: Command '['C:\\Users\\hzwlc\\AppData\\Local\\Python\\pythoncore-3.14-64\\python.exe', 'D:\\Home\\Repo\\pipeline_carstable_to_webapp\\artifact\\2026-09-21_01_pipeline\\05_site_workspace\\tools\\build_site.py']' returned non-zero exit status 1.
