Size chart generation log
Generated at: 2026-09-25T10:55:51
Config: C:\Users\hzwlc\AppData\Local\Temp\html-config-zu9h7t_y\preference.yaml
Output directory: D:\Home\Repo\pipeline_carstable_to_webapp\artifact\2026-09-25_02_pipeline\04_store_html\全量生成_RU\pick
CSS: D:\Home\Repo\pipeline_carstable_to_webapp\artifact\2026-09-25_02_pipeline\04_store_html\全量生成_RU\pick\size-chart.css
Pages: 3
Table chunks: 147
Unique titles: 145
Page table chunks: 52, 58, 37

Inputs:
- C:\Users\hzwlc\AppData\Local\Temp\html-config-zu9h7t_y\全量生成_RU-pickup.tsv
  Sheet: 皮卡压缩表
  Profile: pickup
  Rows after filtering: 233
  Titles: 145
  Brand column: TITLE
  Stripe column: CAB
  Table columns: YEAR, CAB, BED, SIZE
  Store column: 店铺
  Store value: (all)

Logo settings:
Enabled: True
Directory: D:\Home\Scripts\generate_size_chart_html\img_logos
Logo files indexed: 49
Matched titles: 57
Missing titles: 88

Logo matches:
- MISSING: BAW Calorie F7
- MISSING: Baltijas Dzips BD-1322
- MATCH: Cadillac Escalade -> img_logos/Cadillac.png
- MISSING: Changan Hunter
- MISSING: Changan Kaicene F70
- MISSING: Changan Lantuozhe (Explorer)
- MISSING: Changfeng Flying
- MISSING: Chery Rely R08
- MATCH: Chevrolet 3000-Series -> img_logos/Chevrolet.png
- MATCH: Chevrolet Avalanche -> img_logos/Chevrolet.png
- MATCH: Chevrolet C-10 -> img_logos/Chevrolet.png
- MATCH: Chevrolet C/K -> img_logos/Chevrolet.png
- MATCH: Chevrolet Colorado -> img_logos/Chevrolet.png
- MATCH: Chevrolet El Camino -> img_logos/Chevrolet.png
- MATCH: Chevrolet LUV D-MAX -> img_logos/Chevrolet.png
- MATCH: Chevrolet S-10 Pickup -> img_logos/Chevrolet.png
- MATCH: Chevrolet SSR -> img_logos/Chevrolet.png
- MATCH: Chevrolet Silverado -> img_logos/Chevrolet.png
- MISSING: DR PK8
- MISSING: Dacia Pick-Up
- MISSING: Dadi Smoothing
- MISSING: Datsun 620
- MISSING: Dayun Pickup
- MISSING: Derways Antelope
- MATCH: Dodge D/W Series -> img_logos/Dodge.png
- MATCH: Dodge Dakota -> img_logos/Dodge.png
- MATCH: Dodge RAM -> img_logos/Dodge.png
- MISSING: Dongfeng DF6
- MISSING: Dongfeng Rich
- MISSING: Dongfeng Rich 7
- MATCH: Fiat Fullback -> img_logos/FIAT.png
- MATCH: Ford Explorer Sport Trac -> img_logos/Ford.png
- MATCH: Ford F-100 -> img_logos/Ford.png
- MATCH: Ford F-150 -> img_logos/Ford.png
- MATCH: Ford Maverick -> img_logos/Ford.png
- MATCH: Ford Ranchero -> img_logos/Ford.png
- MATCH: Ford Ranger -> img_logos/Ford.png
- MATCH: Ford Ranger (North America) -> img_logos/Ford.png
- MISSING: Foton Conqueror 5
- MISSING: Foton Mars 7
- MISSING: Foton Mars 9
- MISSING: Foton Tunland
- MISSING: Foton Tunland V7
- MISSING: Foton Tunland V9
- MATCH: GMC 100 -> img_logos/GMC.png
- MATCH: GMC C/K -> img_logos/GMC.png
- MATCH: GMC Canyon -> img_logos/GMC.png
- MATCH: GMC Sierra -> img_logos/GMC.png
- MATCH: GMC Sonoma -> img_logos/GMC.png
- MISSING: Geely Farizon FX
- MISSING: Geely Radar King Kong
- MISSING: Great Wall Deer
- MISSING: Great Wall Poer
- MISSING: Great Wall Poer King Kong
- MISSING: Great Wall Sailor
- MISSING: Great Wall Socool
- MISSING: Great Wall Wingle
- MISSING: HSV Maloo
- MISSING: Holden Rodeo
- MISSING: Holden UTE
- MATCH: Honda Ridgeline -> img_logos/Honda.png
- MISSING: HuangHai Antelope
- MISSING: HuangHai N7
- MISSING: HuangHai Plutus
- MATCH: Hyundai Hyundai Santa Cruz -> img_logos/Hyundai.png
- MATCH: Ineos Grenadier -> img_logos/Ineos.png
- MISSING: Isuzu D-Max
- MISSING: Isuzu Hombre
- MISSING: Isuzu KB
- MISSING: Isuzu Lingtuo
- MISSING: Isuzu Ruimai
- MISSING: Isuzu T30 Explorer
- MISSING: Isuzu TF (Pickup)
- MISSING: JAC Hunter
- MISSING: JAC T6
- MISSING: JAC T8
- MISSING: JAC T8 Pro
- MISSING: JAC T9
- MISSING: JMC Baodian
- MISSING: JMC Dadao
- MISSING: JMC Vigus
- MISSING: JMC Yuhu 7
- MISSING: Jetour Reaolo
- MISSING: KGM Musso
- MISSING: KGM Musso Sports
- MISSING: KGM Rexton Sports
- MISSING: KYC F3
- MISSING: Lamborghini LM001
- MISSING: Lamborghini LM002
- MATCH: Lincoln Blackwood -> img_logos/Lincoln.png
- MATCH: Lincoln Mark LT -> img_logos/Lincoln.png
- MISSING: Maxus T90
- MATCH: Mazda B-series -> img_logos/Mazda.png
- MATCH: Mazda BT-50 -> img_logos/Mazda.png
- MATCH: Mazda Proceed -> img_logos/Mazda.png
- MATCH: Mitsubishi L200 -> img_logos/Mitsubishi.png
- MATCH: Mitsubishi Strada -> img_logos/Mitsubishi.png
- MATCH: Mitsubishi Triton -> img_logos/Mitsubishi.png
- MATCH: Nissan Datsun -> img_logos/Nissan.png
- MATCH: Nissan Frontier -> img_logos/Nissan.png
- MATCH: Nissan NP300 -> img_logos/Nissan.png
- MATCH: Nissan Navara (Frontier) -> img_logos/Nissan.png
- MATCH: Nissan Patrol -> img_logos/Nissan.png
- MATCH: Nissan Titan -> img_logos/Nissan.png
- MISSING: Peugeot 504
- MISSING: Peugeot Landtrek
- MISSING: Peugeot Pick Up
- MISSING: Radar RD6
- MATCH: Ram 1500 -> img_logos/Ram.png
- MATCH: Ram Rampage -> img_logos/Ram.png
- MISSING: Renault Alaskan
- MISSING: Rezvani Fortress
- MISSING: Scout Terra
- MISSING: Sollers ST6
- MISSING: Sollers ST8
- MISSING: Sollers ST9
- MISSING: SsangYong Actyon Sports
- MISSING: SsangYong Korando Sports
- MISSING: SsangYong Musso
- MISSING: SsangYong Rexton Sports
- MATCH: Subaru Baja -> img_logos/Subaru.png
- MATCH: Suzuki Equator -> img_logos/Suzuki.png
- MISSING: Tata Telcoline
- MISSING: Tata Xenon
- MATCH: Tesla Cybertruck -> img_logos/Tesla.png
- MISSING: Tianma Century
- MISSING: Tianye Admiral
- MATCH: Toyota Hilux -> img_logos/Toyota.png
- MATCH: Toyota Hilux Champ -> img_logos/Toyota.png
- MATCH: Toyota Land Cruiser -> img_logos/Toyota.png
- MATCH: Toyota Tacoma -> img_logos/Toyota.png
- MATCH: Toyota Tundra -> img_logos/Toyota.png
- MISSING: VGV Bolden
- MISSING: VGV VX7
- MATCH: Volkswagen Amarok -> img_logos/Volkswagen.png
- MATCH: Volkswagen Taro -> img_logos/Volkswagen.png
- MATCH: Volkswagen Transporter -> img_logos/Volkswagen.png
- MISSING: ZX Admiral
- MISSING: ZX Grand Tiger
- MISSING: ZX Grandlion
- MISSING: ZX Terralord
- MISSING: Zibar MK2
- MISSING: Спортивные авто и реплики Самоделки
- MISSING: ТагАЗ Road Partner
- MISSING: УАЗ Пикап
