Size chart generation log
Generated at: 2026-09-17T14:26:30
Config: C:\Users\cc\AppData\Local\Temp\html-config-g8dyl4gu\preference.yaml
Output directory: D:\Licheng\Repo\pipeline_carstable_to_webapp\artifact\2026-09-17_02_pipeline\04_store_html\TM_拆分全量\nonpick
CSS: D:\Licheng\Repo\pipeline_carstable_to_webapp\artifact\2026-09-17_02_pipeline\04_store_html\TM_拆分全量\nonpick\size-chart.css
Pages: 1
Table chunks: 33
Unique titles: 31
Page table chunks: 33

Inputs:
- C:\Users\cc\AppData\Local\Temp\html-config-g8dyl4gu\TM_拆分全量-non-pickup.tsv
  Sheet: 非皮卡压缩表
  Profile: non-pickup
  Rows after filtering: 145
  Titles: 31
  Brand column: MAKE
  Stripe column: MODEL
  Table columns: MODEL, YEAR, TYPE, SIZE
  Store column: 店铺
  Store value: (all)

Logo settings:
Enabled: True
Directory: D:\Licheng\Repo\generate_size_chart_html\img_logos
Logo files indexed: 49
Matched titles: 31
Missing titles: 0

Logo matches:
- MATCH: Acura -> img_logos/Acura.png
- MATCH: Audi -> img_logos/Audi.png
- MATCH: BMW -> img_logos/BMW.png
- MATCH: Buick -> img_logos/Buick.png
- MATCH: Cadillac -> img_logos/Cadillac.png
- MATCH: Chevrolet -> img_logos/Chevrolet.png
- MATCH: Chrysler -> img_logos/CHRYSLER.png
- MATCH: Dodge -> img_logos/Dodge.png
- MATCH: Ford -> img_logos/Ford.png
- MATCH: Genesis -> img_logos/Genesis.png
- MATCH: Honda -> img_logos/Honda.png
- MATCH: Hyundai -> img_logos/Hyundai.png
- MATCH: Infiniti -> img_logos/Infiniti.png
- MATCH: Jaguar -> img_logos/Jaguar.png
- MATCH: Karma Automotive -> img_logos/Karma.png
- MATCH: Kia -> img_logos/Kia.png
- MATCH: Lexus -> img_logos/Lexus.png
- MATCH: Lincoln -> img_logos/Lincoln.png
- MATCH: Lucid Motors -> img_logos/Lucid%20Motors.png
- MATCH: Maserati -> img_logos/Maserati.png
- MATCH: Mercedes-Benz -> img_logos/Mercedes-Benz.png
- MATCH: Mercury -> img_logos/MERCURY.png
- MATCH: Mitsubishi -> img_logos/Mitsubishi.png
- MATCH: Oldsmobile -> img_logos/Oldsmobile.png
- MATCH: Plymouth -> img_logos/Plymouth.png
- MATCH: Pontiac -> img_logos/PONTIAC.png
- MATCH: Porsche -> img_logos/Porsche.png
- MATCH: Saab -> img_logos/SAAB.png
- MATCH: Toyota -> img_logos/Toyota.png
- MATCH: Volkswagen -> img_logos/Volkswagen.png
- MATCH: Volvo -> img_logos/Volvo.png
