cwd: D:\Licheng\Repo\pipeline_carstable_to_webapp
command: C:\Users\cc\AppData\Local\Programs\Python\Python313\python.exe tools/build_publish_site.py --publish-repo D:\Licheng\Repo\pipeline_carstable_to_webapp\..\publish_tables_to_webapp --html-root D:\Licheng\Repo\pipeline_carstable_to_webapp\data\middle\04_html --xlsx-source D:\Licheng\Repo\pipeline_carstable_to_webapp\data\input\车型数据尺码-07.xlsx --workspace D:\Licheng\Repo\pipeline_carstable_to_webapp\data\middle\05_publish_workspace --site-output D:\Licheng\Repo\pipeline_carstable_to_webapp\data\output/site

Traceback (most recent call last):
  File "D:\Licheng\Repo\pipeline_carstable_to_webapp\data\middle\05_publish_workspace\tools\export_xlsx_sources.py", line 220, in <module>
    main()
    ~~~~^^
  File "D:\Licheng\Repo\pipeline_carstable_to_webapp\data\middle\05_publish_workspace\tools\export_xlsx_sources.py", line 188, in main
    ref_headers, ref_rows = worksheet_rows(
                            ~~~~~~~~~~~~~~^
        workbook,
        ^^^^^^^^^
        reference_config["sheet"],
        ^^^^^^^^^^^^^^^^^^^^^^^^^^
        int(reference_config.get("header_row", "2")),
        ^^^^^^^^^^^^^^^^^^^^^^^^^^^^^^^^^^^^^^^^^^^^^
    )
    ^
  File "D:\Licheng\Repo\pipeline_carstable_to_webapp\data\middle\05_publish_workspace\tools\export_xlsx_sources.py", line 77, in worksheet_rows
    worksheet = workbook[sheet_name]
                ~~~~~~~~^^^^^^^^^^^^
  File "C:\Users\cc\AppData\Local\Programs\Python\Python313\Lib\site-packages\openpyxl\workbook\workbook.py", line 287, in __getitem__
    raise KeyError("Worksheet {0} does not exist.".format(key))
KeyError: 'Worksheet ALL尺码 does not exist.'
[export_xlsx_sources] C:\Users\cc\AppData\Local\Programs\Python\Python313\python.exe D:\Licheng\Repo\pipeline_carstable_to_webapp\data\middle\05_publish_workspace\tools\export_xlsx_sources.py --xlsx-source D:\Licheng\Repo\pipeline_carstable_to_webapp\data\input\车型数据尺码-07.xlsx
Traceback (most recent call last):
  File "D:\Licheng\Repo\pipeline_carstable_to_webapp\tools\build_publish_site.py", line 86, in <module>
    main()
    ~~~~^^
  File "D:\Licheng\Repo\pipeline_carstable_to_webapp\tools\build_publish_site.py", line 69, in main
    subprocess.run(export_command, cwd=workspace, check=True)
    ~~~~~~~~~~~~~~^^^^^^^^^^^^^^^^^^^^^^^^^^^^^^^^^^^^^^^^^^^
  File "C:\Users\cc\AppData\Local\Programs\Python\Python313\Lib\subprocess.py", line 577, in run
    raise CalledProcessError(retcode, process.args,
                             output=stdout, stderr=stderr)
subprocess.CalledProcessError: Command '['C:\\Users\\cc\\AppData\\Local\\Programs\\Python\\Python313\\python.exe', 'D:\\Licheng\\Repo\\pipeline_carstable_to_webapp\\data\\middle\\05_publish_workspace\\tools\\export_xlsx_sources.py', '--xlsx-source', 'D:\\Licheng\\Repo\\pipeline_carstable_to_webapp\\data\\input\\车型数据尺码-07.xlsx']' returned non-zero exit status 1.
