cwd: D:\Licheng\Repo\pipeline_carstable_to_webapp
command: C:\Users\cc\AppData\Local\Programs\Python\Python313\python.exe tools/compress_configured_sheets.py --output-root D:\Licheng\Repo\pipeline_carstable_to_webapp\artifact\2026-09-21_02_pipeline\01_compressed_fitment --config D:\Licheng\Repo\pipeline_carstable_to_webapp\artifact\2026-09-21_02_pipeline\00_input\pipeline.generated.json --compress-script D:\Licheng\Repo\pipeline_carstable_to_webapp\../compress_to_size_chart/process_tsv.py

[进度] 非皮卡高度压缩 | MAKE=- | MODEL=- | 已完成MODEL=0/671 | 合并项数量=0 | 尝试次数=0 | 用时=0s
[进度] 非皮卡高度压缩 | MAKE=Chevrolet | MODEL=Corvette | 已完成MODEL=139/671 | 合并项数量=199 | 尝试次数=625 | 用时=20s
[进度] 非皮卡高度压缩 | MAKE=Infiniti | MODEL=QX56 | 已完成MODEL=296/671 | 合并项数量=311 | 尝试次数=882 | 用时=30s
[进度] 非皮卡高度压缩 | MAKE=Mercedes-Benz | MODEL=CL-Class | 已完成MODEL=443/671 | 合并项数量=433 | 尝试次数=1125 | 用时=40s
[进度] 非皮卡高度压缩 | MAKE=Pontiac | MODEL=LeMans | 已完成MODEL=542/671 | 合并项数量=625 | 尝试次数=2395 | 用时=67s
[进度] 非皮卡高度压缩 | MAKE=Volvo | MODEL=EX30 | 已完成MODEL=655/671 | 合并项数量=724 | 尝试次数=3457 | 用时=77s
[进度] 非皮卡高度压缩 | MAKE=Volvo | MODEL=XC90 | 已完成MODEL=671/671 | 合并项数量=728 | 尝试次数=3461 | 用时=78s
[进度] 皮卡高度压缩 | MAKE=- | MODEL=- | 已完成MODEL=0/34 | 合并项数量=0 | 尝试次数=0 | 用时=0s
[进度] 皮卡高度压缩 | MAKE=Chevrolet | MODEL=C/K | 已完成MODEL=2/34 | 合并项数量=8 | 尝试次数=125 | 用时=10s
[进度] 皮卡高度压缩 | MAKE=Chevrolet | MODEL=C/K | 已完成MODEL=2/34 | 合并项数量=19 | 尝试次数=295 | 用时=20s
[进度] 皮卡高度压缩 | MAKE=Ford | MODEL=F-150 | 已完成MODEL=14/34 | 合并项数量=53 | 尝试次数=642 | 用时=30s
[进度] 皮卡高度压缩 | MAKE=Toyota | MODEL=Tundra | 已完成MODEL=34/34 | 合并项数量=101 | 尝试次数=898 | 用时=36s
[进度] 非皮卡原子检查 | MAKE=- | MODEL=- | 已完成行=0/14228 | 合并项数量=0 | 尝试次数=0 | 用时=0s
[进度] 非皮卡原子检查 | MAKE=Acura | MODEL=ADX | 已完成行=1216/14228 | 合并项数量=0 | 尝试次数=0 | 用时=10s
[进度] 非皮卡原子检查 | MAKE=Volvo | MODEL=XC90 | 已完成行=14228/14228 | 合并项数量=0 | 尝试次数=0 | 用时=16s
[进度] 皮卡原子检查 | MAKE=- | MODEL=- | 已完成行=0/2326 | 合并项数量=0 | 尝试次数=0 | 用时=0s
[进度] 皮卡原子检查 | MAKE=Chevrolet | MODEL=C/K | 已完成行=335/2326 | 合并项数量=0 | 尝试次数=0 | 用时=10s
[进度] 皮卡原子检查 | MAKE=Ford | MODEL=F-100 | 已完成行=950/2326 | 合并项数量=0 | 尝试次数=0 | 用时=20s
[进度] 皮卡原子检查 | MAKE=GMC | MODEL=Sierra 1500 | 已完成行=1572/2326 | 合并项数量=0 | 尝试次数=0 | 用时=30s
[进度] 皮卡原子检查 | MAKE=Toyota | MODEL=Tacoma | 已完成行=2198/2326 | 合并项数量=0 | 尝试次数=0 | 用时=40s
[进度] 皮卡原子检查 | MAKE=Toyota | MODEL=Tundra | 已完成行=2326/2326 | 合并项数量=0 | 尝试次数=0 | 用时=42s
写入完成
Input table: HNT全量
Output dir: C:\Users\cc\AppData\Local\Temp\compress-csv-1_66bk5_\output\HNT全量
Non-pickup lossless TSV: C:\Users\cc\AppData\Local\Temp\compress-csv-1_66bk5_\output\HNT全量\compress\HNT全量_非皮卡无损压缩表.tsv
Non-pickup high TSV: C:\Users\cc\AppData\Local\Temp\compress-csv-1_66bk5_\output\HNT全量\compress\HNT全量_非皮卡高度压缩表.tsv
Pickup lossless TSV: C:\Users\cc\AppData\Local\Temp\compress-csv-1_66bk5_\output\HNT全量\compress\HNT全量_皮卡无损压缩.tsv
Pickup high TSV: C:\Users\cc\AppData\Local\Temp\compress-csv-1_66bk5_\output\HNT全量\compress\HNT全量_皮卡高度压缩表.tsv
Log TSV: C:\Users\cc\AppData\Local\Temp\compress-csv-1_66bk5_\output\HNT全量\compress\HNT全量_压缩log.tsv
Atom TSV: C:\Users\cc\AppData\Local\Temp\compress-csv-1_66bk5_\output\HNT全量\compress\HNT全量_原子事实表.tsv
Non-pickup atom check TSV: C:\Users\cc\AppData\Local\Temp\compress-csv-1_66bk5_\output\HNT全量\check\HNT全量_非皮卡原子检查.tsv
Pickup atom check TSV: C:\Users\cc\AppData\Local\Temp\compress-csv-1_66bk5_\output\HNT全量\check\HNT全量_皮卡原子检查.tsv
Excel: C:\Users\cc\AppData\Local\Temp\compress-csv-1_66bk5_\output\HNT全量\HNT全量_output.xlsx
[进度] 非皮卡高度压缩 | MAKE=- | MODEL=- | 已完成MODEL=0/671 | 合并项数量=0 | 尝试次数=0 | 用时=0s
[进度] 非皮卡高度压缩 | MAKE=Chevrolet | MODEL=Chevy Van | 已完成MODEL=134/671 | 合并项数量=218 | 尝试次数=694 | 用时=10s
[进度] 非皮卡高度压缩 | MAKE=Chevrolet | MODEL=Corvette | 已完成MODEL=139/671 | 合并项数量=236 | 尝试次数=781 | 用时=20s
[进度] 非皮卡高度压缩 | MAKE=Infiniti | MODEL=Q70 | 已完成MODEL=290/671 | 合并项数量=392 | 尝试次数=1074 | 用时=30s
[进度] 非皮卡高度压缩 | MAKE=Mercedes-Benz | MODEL=A-Class | 已完成MODEL=440/671 | 合并项数量=544 | 尝试次数=1350 | 用时=40s
[进度] 非皮卡高度压缩 | MAKE=Pontiac | MODEL=LeMans | 已完成MODEL=542/671 | 合并项数量=772 | 尝试次数=2800 | 用时=80s
[进度] 非皮卡高度压缩 | MAKE=Volkswagen | MODEL=Tiguan | 已完成MODEL=648/671 | 合并项数量=922 | 尝试次数=3850 | 用时=90s
[进度] 非皮卡高度压缩 | MAKE=Volvo | MODEL=XC90 | 已完成MODEL=671/671 | 合并项数量=930 | 尝试次数=3858 | 用时=91s
[进度] 皮卡高度压缩 | MAKE=- | MODEL=- | 已完成MODEL=0/34 | 合并项数量=0 | 尝试次数=0 | 用时=0s
[进度] 皮卡高度压缩 | MAKE=Chevrolet | MODEL=C/K | 已完成MODEL=2/34 | 合并项数量=13 | 尝试次数=177 | 用时=10s
[进度] 皮卡高度压缩 | MAKE=Chevrolet | MODEL=Silverado 1500 | 已完成MODEL=7/34 | 合并项数量=45 | 尝试次数=629 | 用时=20s
[进度] 皮卡高度压缩 | MAKE=Toyota | MODEL=Tundra | 已完成MODEL=33/34 | 合并项数量=157 | 尝试次数=984 | 用时=30s
[进度] 皮卡高度压缩 | MAKE=Toyota | MODEL=Tundra | 已完成MODEL=34/34 | 合并项数量=161 | 尝试次数=998 | 用时=30s
[进度] 非皮卡原子检查 | MAKE=- | MODEL=- | 已完成行=0/13836 | 合并项数量=0 | 尝试次数=0 | 用时=0s
[进度] 非皮卡原子检查 | MAKE=Mercury | MODEL=Mountaineer | 已完成行=9976/13836 | 合并项数量=0 | 尝试次数=0 | 用时=10s
[进度] 非皮卡原子检查 | MAKE=Volvo | MODEL=XC90 | 已完成行=13836/13836 | 合并项数量=0 | 尝试次数=0 | 用时=11s
[进度] 皮卡原子检查 | MAKE=- | MODEL=- | 已完成行=0/2230 | 合并项数量=0 | 尝试次数=0 | 用时=0s
[进度] 皮卡原子检查 | MAKE=Chevrolet | MODEL=Silverado 1500 | 已完成行=557/2230 | 合并项数量=0 | 尝试次数=0 | 用时=10s
[进度] 皮卡原子检查 | MAKE=Ford | MODEL=F-250/F-350 Super Duty | 已完成行=1199/2230 | 合并项数量=0 | 尝试次数=0 | 用时=20s
[进度] 皮卡原子检查 | MAKE=Ram | MODEL=1500 | 已完成行=1844/2230 | 合并项数量=0 | 尝试次数=0 | 用时=30s
[进度] 皮卡原子检查 | MAKE=Toyota | MODEL=Tundra | 已完成行=2230/2230 | 合并项数量=0 | 尝试次数=0 | 用时=36s
写入完成
Input table: TM_拆分全量
Output dir: C:\Users\cc\AppData\Local\Temp\compress-csv-4d8pc7_y\output\TM_拆分全量
Non-pickup lossless TSV: C:\Users\cc\AppData\Local\Temp\compress-csv-4d8pc7_y\output\TM_拆分全量\compress\TM_拆分全量_非皮卡无损压缩表.tsv
Non-pickup high TSV: C:\Users\cc\AppData\Local\Temp\compress-csv-4d8pc7_y\output\TM_拆分全量\compress\TM_拆分全量_非皮卡高度压缩表.tsv
Pickup lossless TSV: C:\Users\cc\AppData\Local\Temp\compress-csv-4d8pc7_y\output\TM_拆分全量\compress\TM_拆分全量_皮卡无损压缩.tsv
Pickup high TSV: C:\Users\cc\AppData\Local\Temp\compress-csv-4d8pc7_y\output\TM_拆分全量\compress\TM_拆分全量_皮卡高度压缩表.tsv
Log TSV: C:\Users\cc\AppData\Local\Temp\compress-csv-4d8pc7_y\output\TM_拆分全量\compress\TM_拆分全量_压缩log.tsv
Atom TSV: C:\Users\cc\AppData\Local\Temp\compress-csv-4d8pc7_y\output\TM_拆分全量\compress\TM_拆分全量_原子事实表.tsv
Non-pickup atom check TSV: C:\Users\cc\AppData\Local\Temp\compress-csv-4d8pc7_y\output\TM_拆分全量\check\TM_拆分全量_非皮卡原子检查.tsv
Pickup atom check TSV: C:\Users\cc\AppData\Local\Temp\compress-csv-4d8pc7_y\output\TM_拆分全量\check\TM_拆分全量_皮卡原子检查.tsv
Excel: C:\Users\cc\AppData\Local\Temp\compress-csv-4d8pc7_y\output\TM_拆分全量\TM_拆分全量_output.xlsx
[进度] 非皮卡高度压缩 | MAKE=- | MODEL=- | 已完成MODEL=0/671 | 合并项数量=0 | 尝试次数=0 | 用时=0s
[进度] 非皮卡高度压缩 | MAKE=Chevrolet | MODEL=Corvette | 已完成MODEL=139/671 | 合并项数量=193 | 尝试次数=564 | 用时=19s
[进度] 非皮卡高度压缩 | MAKE=Jaguar | MODEL=F-Pace | 已完成MODEL=301/671 | 合并项数量=302 | 尝试次数=809 | 用时=29s
[进度] 非皮卡高度压缩 | MAKE=Mercedes-Benz | MODEL=GL-Class | 已完成MODEL=450/671 | 合并项数量=437 | 尝试次数=1090 | 用时=39s
[进度] 非皮卡高度压缩 | MAKE=Pontiac | MODEL=LeMans | 已完成MODEL=542/671 | 合并项数量=604 | 尝试次数=2214 | 用时=64s
[进度] 非皮卡高度压缩 | MAKE=Volvo | MODEL=V60 | 已完成MODEL=665/671 | 合并项数量=703 | 尝试次数=3277 | 用时=74s
[进度] 非皮卡高度压缩 | MAKE=Volvo | MODEL=XC90 | 已完成MODEL=671/671 | 合并项数量=706 | 尝试次数=3280 | 用时=75s
[进度] 皮卡高度压缩 | MAKE=- | MODEL=- | 已完成MODEL=0/34 | 合并项数量=0 | 尝试次数=0 | 用时=0s
[进度] 皮卡高度压缩 | MAKE=Chevrolet | MODEL=C/K | 已完成MODEL=2/34 | 合并项数量=9 | 尝试次数=113 | 用时=10s
[进度] 皮卡高度压缩 | MAKE=Chevrolet | MODEL=S10 | 已完成MODEL=5/34 | 合并项数量=30 | 尝试次数=275 | 用时=20s
[进度] 皮卡高度压缩 | MAKE=Ram | MODEL=1500 | 已完成MODEL=28/34 | 合并项数量=79 | 尝试次数=697 | 用时=30s
[进度] 皮卡高度压缩 | MAKE=Toyota | MODEL=Tundra | 已完成MODEL=34/34 | 合并项数量=95 | 尝试次数=783 | 用时=32s
[进度] 非皮卡原子检查 | MAKE=- | MODEL=- | 已完成行=0/14243 | 合并项数量=0 | 尝试次数=0 | 用时=0s
[进度] 非皮卡原子检查 | MAKE=BMW | MODEL=X5 | 已完成行=2372/14243 | 合并项数量=0 | 尝试次数=0 | 用时=10s
[进度] 非皮卡原子检查 | MAKE=Volvo | MODEL=XC90 | 已完成行=14243/14243 | 合并项数量=0 | 尝试次数=0 | 用时=15s
[进度] 皮卡原子检查 | MAKE=- | MODEL=- | 已完成行=0/2334 | 合并项数量=0 | 尝试次数=0 | 用时=0s
[进度] 皮卡原子检查 | MAKE=Chevrolet | MODEL=C/K | 已完成行=343/2334 | 合并项数量=0 | 尝试次数=0 | 用时=10s
[进度] 皮卡原子检查 | MAKE=Ford | MODEL=F-100 | 已完成行=981/2334 | 合并项数量=0 | 尝试次数=0 | 用时=20s
[进度] 皮卡原子检查 | MAKE=GMC | MODEL=Sierra 1500 | 已完成行=1623/2334 | 合并项数量=0 | 尝试次数=0 | 用时=30s
[进度] 皮卡原子检查 | MAKE=Toyota | MODEL=Tundra | 已完成行=2265/2334 | 合并项数量=0 | 尝试次数=0 | 用时=40s
[进度] 皮卡原子检查 | MAKE=Toyota | MODEL=Tundra | 已完成行=2334/2334 | 合并项数量=0 | 尝试次数=0 | 用时=41s
写入完成
Input table: TM全量
Output dir: C:\Users\cc\AppData\Local\Temp\compress-csv-ur9sgz2c\output\TM全量
Non-pickup lossless TSV: C:\Users\cc\AppData\Local\Temp\compress-csv-ur9sgz2c\output\TM全量\compress\TM全量_非皮卡无损压缩表.tsv
Non-pickup high TSV: C:\Users\cc\AppData\Local\Temp\compress-csv-ur9sgz2c\output\TM全量\compress\TM全量_非皮卡高度压缩表.tsv
Pickup lossless TSV: C:\Users\cc\AppData\Local\Temp\compress-csv-ur9sgz2c\output\TM全量\compress\TM全量_皮卡无损压缩.tsv
Pickup high TSV: C:\Users\cc\AppData\Local\Temp\compress-csv-ur9sgz2c\output\TM全量\compress\TM全量_皮卡高度压缩表.tsv
Log TSV: C:\Users\cc\AppData\Local\Temp\compress-csv-ur9sgz2c\output\TM全量\compress\TM全量_压缩log.tsv
Atom TSV: C:\Users\cc\AppData\Local\Temp\compress-csv-ur9sgz2c\output\TM全量\compress\TM全量_原子事实表.tsv
Non-pickup atom check TSV: C:\Users\cc\AppData\Local\Temp\compress-csv-ur9sgz2c\output\TM全量\check\TM全量_非皮卡原子检查.tsv
Pickup atom check TSV: C:\Users\cc\AppData\Local\Temp\compress-csv-ur9sgz2c\output\TM全量\check\TM全量_皮卡原子检查.tsv
Excel: C:\Users\cc\AppData\Local\Temp\compress-csv-ur9sgz2c\output\TM全量\TM全量_output.xlsx
[进度] 非皮卡高度压缩 | MAKE=- | MODEL=- | 已完成MODEL=0/671 | 合并项数量=0 | 尝试次数=0 | 用时=0s
[进度] 非皮卡高度压缩 | MAKE=Chevrolet | MODEL=Chevy Van | 已完成MODEL=134/671 | 合并项数量=170 | 尝试次数=860 | 用时=10s
[进度] 非皮卡高度压缩 | MAKE=Chevrolet | MODEL=Corvette | 已完成MODEL=139/671 | 合并项数量=193 | 尝试次数=1009 | 用时=20s
[进度] 非皮卡高度压缩 | MAKE=Infiniti | MODEL=QX60 | 已完成MODEL=296/671 | 合并项数量=298 | 尝试次数=1290 | 用时=30s
[进度] 非皮卡高度压缩 | MAKE=Mercedes-Benz | MODEL=E-Class | 已完成MODEL=447/671 | 合并项数量=423 | 尝试次数=1557 | 用时=40s
[进度] 非皮卡高度压缩 | MAKE=Pontiac | MODEL=LeMans | 已完成MODEL=542/671 | 合并项数量=598 | 尝试次数=2427 | 用时=54s
[进度] 非皮卡高度压缩 | MAKE=Volvo | MODEL=V40 | 已完成MODEL=663/671 | 合并项数量=696 | 尝试次数=3495 | 用时=64s
[进度] 非皮卡高度压缩 | MAKE=Volvo | MODEL=XC90 | 已完成MODEL=671/671 | 合并项数量=700 | 尝试次数=3499 | 用时=64s
[进度] 皮卡高度压缩 | MAKE=- | MODEL=- | 已完成MODEL=0/34 | 合并项数量=0 | 尝试次数=0 | 用时=0s
[进度] 皮卡高度压缩 | MAKE=Chevrolet | MODEL=C/K | 已完成MODEL=2/34 | 合并项数量=9 | 尝试次数=111 | 用时=10s
[进度] 皮卡高度压缩 | MAKE=Chevrolet | MODEL=Colorado | 已完成MODEL=3/34 | 合并项数量=27 | 尝试次数=267 | 用时=20s
[进度] 皮卡高度压缩 | MAKE=Nissan | MODEL=Frontier | 已完成MODEL=27/34 | 合并项数量=76 | 尝试次数=682 | 用时=30s
[进度] 皮卡高度压缩 | MAKE=Toyota | MODEL=Tundra | 已完成MODEL=34/34 | 合并项数量=95 | 尝试次数=783 | 用时=32s
[进度] 非皮卡原子检查 | MAKE=- | MODEL=- | 已完成行=0/14403 | 合并项数量=0 | 尝试次数=0 | 用时=0s
[进度] 非皮卡原子检查 | MAKE=Acura | MODEL=ADX | 已完成行=1391/14403 | 合并项数量=0 | 尝试次数=0 | 用时=10s
[进度] 非皮卡原子检查 | MAKE=Volvo | MODEL=XC90 | 已完成行=14403/14403 | 合并项数量=0 | 尝试次数=0 | 用时=17s
[进度] 皮卡原子检查 | MAKE=- | MODEL=- | 已完成行=0/2334 | 合并项数量=0 | 尝试次数=0 | 用时=0s
[进度] 皮卡原子检查 | MAKE=Chevrolet | MODEL=C/K | 已完成行=347/2334 | 合并项数量=0 | 尝试次数=0 | 用时=10s
[进度] 皮卡原子检查 | MAKE=Ford | MODEL=F-100 | 已完成行=976/2334 | 合并项数量=0 | 尝试次数=0 | 用时=20s
[进度] 皮卡原子检查 | MAKE=GMC | MODEL=Sierra 1500 | 已完成行=1619/2334 | 合并项数量=0 | 尝试次数=0 | 用时=30s
[进度] 皮卡原子检查 | MAKE=Toyota | MODEL=Tundra | 已完成行=2263/2334 | 合并项数量=0 | 尝试次数=0 | 用时=40s
[进度] 皮卡原子检查 | MAKE=Toyota | MODEL=Tundra | 已完成行=2334/2334 | 合并项数量=0 | 尝试次数=0 | 用时=41s
写入完成
Input table: 全尺码全量
Output dir: C:\Users\cc\AppData\Local\Temp\compress-csv-l5fj3379\output\全尺码全量
Non-pickup lossless TSV: C:\Users\cc\AppData\Local\Temp\compress-csv-l5fj3379\output\全尺码全量\compress\全尺码全量_非皮卡无损压缩表.tsv
Non-pickup high TSV: C:\Users\cc\AppData\Local\Temp\compress-csv-l5fj3379\output\全尺码全量\compress\全尺码全量_非皮卡高度压缩表.tsv
Pickup lossless TSV: C:\Users\cc\AppData\Local\Temp\compress-csv-l5fj3379\output\全尺码全量\compress\全尺码全量_皮卡无损压缩.tsv
Pickup high TSV: C:\Users\cc\AppData\Local\Temp\compress-csv-l5fj3379\output\全尺码全量\compress\全尺码全量_皮卡高度压缩表.tsv
Log TSV: C:\Users\cc\AppData\Local\Temp\compress-csv-l5fj3379\output\全尺码全量\compress\全尺码全量_压缩log.tsv
Atom TSV: C:\Users\cc\AppData\Local\Temp\compress-csv-l5fj3379\output\全尺码全量\compress\全尺码全量_原子事实表.tsv
Non-pickup atom check TSV: C:\Users\cc\AppData\Local\Temp\compress-csv-l5fj3379\output\全尺码全量\check\全尺码全量_非皮卡原子检查.tsv
Pickup atom check TSV: C:\Users\cc\AppData\Local\Temp\compress-csv-l5fj3379\output\全尺码全量\check\全尺码全量_皮卡原子检查.tsv
Excel: C:\Users\cc\AppData\Local\Temp\compress-csv-l5fj3379\output\全尺码全量\全尺码全量_output.xlsx
[compress-new] HNT全量: D:\Licheng\Repo\pipeline_carstable_to_webapp\artifact\2026-09-21_02_pipeline\00_input\tables\001-HNT全量.csv
[compress-new] TM_拆分全量: D:\Licheng\Repo\pipeline_carstable_to_webapp\artifact\2026-09-21_02_pipeline\00_input\tables\002-TM_拆分全量.csv
[compress-new] TM全量: D:\Licheng\Repo\pipeline_carstable_to_webapp\artifact\2026-09-21_02_pipeline\00_input\tables\003-TM全量.csv
[compress-new] 全尺码全量: D:\Licheng\Repo\pipeline_carstable_to_webapp\artifact\2026-09-21_02_pipeline\00_input\tables\004-全尺码全量.csv
