cwd: D:\Home\Repo\pipeline_carstable_to_webapp
command: C:\Users\hzwlc\AppData\Local\Python\pythoncore-3.14-64\python.exe tools/build_user_size_json.py --compress-root D:\Home\Repo\pipeline_carstable_to_webapp\artifact\2026-09-25_02_pipeline\01_compressed_fitment --config D:\Home\Repo\pipeline_carstable_to_webapp\artifact\2026-09-25_02_pipeline\00_input\pipeline.generated.json --rules D:\Home\Repo\pipeline_carstable_to_webapp\configs\user-size-rules.json --ai-config D:\Home\Repo\pipeline_carstable_to_webapp\configs\ai-user-size.yaml --output D:\Home\Repo\pipeline_carstable_to_webapp\artifact\2026-09-25_02_pipeline\02_user_size.json

AI abbreviation model: batch 1, accepted 10/395
AI abbreviation model: batch 2, accepted 20/395
AI abbreviation model: batch 3, accepted 30/395
AI abbreviation model: batch 4, accepted 40/395
AI abbreviation model: batch 5, accepted 45/395
AI abbreviation model: batch 6, accepted 53/395
AI abbreviation model: batch 7, accepted 63/395
AI abbreviation model: batch 8, accepted 71/395
AI abbreviation model: batch 9, accepted 78/395
AI abbreviation model: batch 10, accepted 84/395
AI abbreviation model: batch 11, accepted 93/395
AI abbreviation model: batch 12, accepted 101/395
AI abbreviation model: batch 13, accepted 111/395
AI abbreviation model: batch 14, accepted 121/395
AI abbreviation model: batch 15, accepted 131/395
AI abbreviation model: batch 16, accepted 136/395
AI abbreviation model: batch 17, accepted 145/395
AI abbreviation model: batch 18, accepted 154/395
AI abbreviation model: batch 19, accepted 160/395
AI abbreviation model: batch 20, accepted 170/395
AI abbreviation model: batch 21, accepted 180/395
AI abbreviation model: batch 22, accepted 190/395
AI abbreviation model: batch 23, accepted 200/395
AI abbreviation model: batch 24, accepted 210/395
AI abbreviation model: batch 25, accepted 219/395
AI abbreviation model: batch 26, accepted 229/395
AI abbreviation model: batch 27, accepted 239/395
AI abbreviation model: batch 28, accepted 247/395
AI abbreviation model: batch 29, accepted 256/395
AI abbreviation model: batch 30, accepted 263/395
AI abbreviation model: batch 31, accepted 271/395
AI abbreviation model: batch 32, accepted 281/395
AI abbreviation model: batch 33, accepted 290/395
AI abbreviation model: batch 34, accepted 298/395
AI abbreviation model: batch 35, accepted 307/395
AI abbreviation model: batch 36, accepted 311/395
AI abbreviation model: batch 37, accepted 318/395
AI abbreviation model: batch 38, accepted 328/395
AI abbreviation model: batch 39, accepted 338/395
AI abbreviation model: batch 40, accepted 343/395
AI abbreviation type: batch 1, accepted 9/1941
AI abbreviation type: batch 2, accepted 14/1941
AI abbreviation type: batch 3, accepted 24/1941
AI abbreviation type: batch 4, accepted 33/1941
AI abbreviation type: batch 5, accepted 40/1941
AI abbreviation type: batch 6, accepted 50/1941
AI abbreviation type: batch 7, accepted 60/1941
AI abbreviation type: batch 8, accepted 67/1941
AI abbreviation type: batch 9, accepted 76/1941
AI abbreviation type: batch 10, accepted 86/1941
AI abbreviation type: batch 11, accepted 96/1941
AI abbreviation type: batch 12, accepted 97/1941
AI abbreviation type: batch 13, accepted 107/1941
AI abbreviation type: batch 14, accepted 114/1941
AI abbreviation type: batch 15, accepted 122/1941
AI abbreviation type: batch 16, accepted 131/1941
AI abbreviation type: batch 17, accepted 141/1941
AI abbreviation type: batch 18, accepted 151/1941
AI abbreviation type: batch 19, accepted 161/1941
AI abbreviation type: batch 20, accepted 171/1941
AI abbreviation type: batch 21, accepted 181/1941
AI abbreviation type: batch 22, accepted 191/1941
AI abbreviation type: batch 23, accepted 198/1941
AI abbreviation type: batch 24, accepted 207/1941
AI abbreviation type: batch 25, accepted 216/1941
AI abbreviation type: batch 26, accepted 223/1941
AI abbreviation type: batch 27, accepted 233/1941
AI abbreviation type: batch 28, accepted 243/1941
AI abbreviation type: batch 29, accepted 249/1941
AI abbreviation type: batch 30, accepted 258/1941
AI abbreviation type: batch 31, accepted 262/1941
AI abbreviation type: batch 32, accepted 272/1941
AI abbreviation type: batch 33, accepted 282/1941
AI abbreviation type: batch 34, accepted 291/1941
AI abbreviation type: batch 35, accepted 300/1941
AI abbreviation type: batch 36, accepted 310/1941
AI abbreviation type: batch 37, accepted 320/1941
AI abbreviation type: batch 38, accepted 330/1941
AI abbreviation type: batch 39, accepted 338/1941
AI abbreviation type: batch 40, accepted 348/1941
AI abbreviation type: batch 41, accepted 353/1941
AI abbreviation type: batch 42, accepted 358/1941
AI abbreviation type: batch 43, accepted 366/1941
AI abbreviation type: batch 44, accepted 376/1941
AI abbreviation type: batch 45, accepted 386/1941
AI abbreviation type: batch 46, accepted 395/1941
AI abbreviation type: batch 47, accepted 405/1941
AI abbreviation type: batch 48, accepted 413/1941
AI abbreviation type: batch 49, accepted 423/1941
AI abbreviation type: batch 50, accepted 429/1941
AI abbreviation type: batch 51, accepted 439/1941
AI abbreviation type: batch 52, accepted 447/1941
AI abbreviation type: batch 53, accepted 456/1941
AI abbreviation type: batch 54, accepted 466/1941
AI abbreviation type: batch 55, accepted 474/1941
AI abbreviation type: batch 56, accepted 484/1941
AI abbreviation type: batch 57, accepted 489/1941
AI abbreviation type: batch 58, accepted 499/1941
AI abbreviation type: batch 59, accepted 504/1941
AI abbreviation type: batch 60, accepted 511/1941
AI abbreviation type: batch 61, accepted 521/1941
AI abbreviation type: batch 62, accepted 531/1941
AI abbreviation type: batch 63, accepted 536/1941
AI abbreviation type: batch 64, accepted 546/1941
AI abbreviation type: batch 65, accepted 556/1941
AI abbreviation type: batch 66, accepted 566/1941
AI abbreviation type: batch 67, accepted 572/1941
AI abbreviation type: batch 68, accepted 582/1941
AI abbreviation type: batch 69, accepted 591/1941
AI abbreviation type: batch 70, accepted 600/1941
AI abbreviation type: batch 71, accepted 610/1941
AI abbreviation type: batch 72, accepted 620/1941
AI abbreviation type: batch 73, accepted 630/1941
AI abbreviation type: batch 74, accepted 640/1941
AI abbreviation type: batch 75, accepted 650/1941
AI abbreviation type: batch 76, accepted 660/1941
AI abbreviation type: batch 77, accepted 670/1941
AI abbreviation type: batch 78, accepted 680/1941
AI abbreviation type: batch 79, accepted 690/1941
AI abbreviation type: batch 80, accepted 700/1941
AI abbreviation type: batch 81, accepted 710/1941
AI abbreviation type: batch 82, accepted 719/1941
AI abbreviation type: batch 83, accepted 726/1941
AI abbreviation type: batch 84, accepted 730/1941
AI abbreviation type: batch 85, accepted 738/1941
AI abbreviation type: batch 86, accepted 745/1941
AI abbreviation type: batch 87, accepted 754/1941
AI abbreviation type: batch 88, accepted 764/1941
AI abbreviation type: batch 89, accepted 766/1941
AI abbreviation type: batch 90, accepted 774/1941
AI abbreviation type: batch 91, accepted 784/1941
AI abbreviation type: batch 92, accepted 793/1941
AI abbreviation type: batch 93, accepted 803/1941
AI abbreviation type: batch 94, accepted 813/1941
AI abbreviation type: batch 95, accepted 823/1941
AI abbreviation type: batch 96, accepted 828/1941
AI abbreviation type: batch 97, accepted 838/1941
AI abbreviation type: batch 98, accepted 846/1941
AI abbreviation type: batch 99, accepted 856/1941
AI abbreviation type: batch 100, accepted 866/1941
AI abbreviation type: batch 101, accepted 876/1941
AI abbreviation type: batch 102, accepted 885/1941
AI abbreviation type: batch 103, accepted 891/1941
AI abbreviation type: batch 104, accepted 895/1941
AI abbreviation type: batch 105, accepted 897/1941
AI abbreviation type: batch 106, accepted 907/1941
AI abbreviation type: batch 107, accepted 917/1941
AI abbreviation type: batch 108, accepted 927/1941
AI abbreviation type: batch 109, accepted 937/1941
AI abbreviation type: batch 110, accepted 946/1941
AI abbreviation type: batch 111, accepted 956/1941
AI abbreviation type: batch 112, accepted 966/1941
AI abbreviation type: batch 113, accepted 969/1941
AI abbreviation type: batch 114, accepted 979/1941
AI abbreviation type: batch 115, accepted 985/1941
AI abbreviation type: batch 116, accepted 995/1941
AI abbreviation type: batch 117, accepted 1005/1941
AI abbreviation type: batch 118, accepted 1011/1941
AI abbreviation type: batch 119, accepted 1015/1941
AI abbreviation type: batch 120, accepted 1025/1941
AI abbreviation type: batch 121, accepted 1032/1941
AI abbreviation type: batch 122, accepted 1040/1941
AI abbreviation type: batch 123, accepted 1049/1941
AI abbreviation type: batch 124, accepted 1059/1941
AI abbreviation type: batch 125, accepted 1063/1941
AI abbreviation type: batch 126, accepted 1073/1941
AI abbreviation type: batch 127, accepted 1083/1941
AI abbreviation type: batch 128, accepted 1087/1941
AI abbreviation type: batch 129, accepted 1095/1941
AI abbreviation type: batch 130, accepted 1102/1941
AI abbreviation type: batch 131, accepted 1112/1941
AI abbreviation type: batch 132, accepted 1121/1941
AI abbreviation type: batch 133, accepted 1131/1941
AI abbreviation type: batch 134, accepted 1139/1941
AI abbreviation type: batch 135, accepted 1149/1941
AI abbreviation type: batch 136, accepted 1157/1941
AI abbreviation type: batch 137, accepted 1167/1941
AI abbreviation type: batch 138, accepted 1176/1941
AI abbreviation type: batch 139, accepted 1181/1941
AI abbreviation type: batch 140, accepted 1190/1941
AI abbreviation type: batch 141, accepted 1200/1941
AI abbreviation type: batch 142, accepted 1210/1941
AI abbreviation type: batch 143, accepted 1213/1941
AI abbreviation type: batch 144, accepted 1223/1941
AI abbreviation type: batch 145, accepted 1233/1941
AI abbreviation type: batch 146, accepted 1242/1941
AI abbreviation type: batch 147, accepted 1251/1941
AI abbreviation type: batch 148, accepted 1261/1941
AI abbreviation type: batch 149, accepted 1268/1941
AI abbreviation type: batch 150, accepted 1277/1941
AI abbreviation type: batch 151, accepted 1286/1941
AI abbreviation type: batch 152, accepted 1296/1941
AI abbreviation type: batch 153, accepted 1305/1941
AI abbreviation type: batch 154, accepted 1313/1941
AI abbreviation type: batch 155, accepted 1320/1941
AI abbreviation type: batch 156, accepted 1327/1941
AI abbreviation type: batch 157, accepted 1337/1941
AI abbreviation type: batch 158, accepted 1347/1941
AI abbreviation type: batch 159, accepted 1357/1941
AI abbreviation type: batch 160, accepted 1363/1941
AI abbreviation type: batch 161, accepted 1373/1941
AI abbreviation type: batch 162, accepted 1383/1941
AI abbreviation type: batch 163, accepted 1387/1941
AI abbreviation type: batch 164, accepted 1397/1941
AI abbreviation type: batch 165, accepted 1407/1941
AI abbreviation type: batch 166, accepted 1412/1941
AI abbreviation type: batch 167, accepted 1416/1941
AI abbreviation type: batch 168, accepted 1420/1941
AI abbreviation type: batch 169, accepted 1430/1941
AI abbreviation type: batch 170, accepted 1438/1941
AI abbreviation type: batch 171, accepted 1446/1941
AI abbreviation type: batch 172, accepted 1453/1941
AI abbreviation type: batch 173, accepted 1460/1941
AI abbreviation type: batch 174, accepted 1463/1941
AI abbreviation type: batch 175, accepted 1470/1941
AI abbreviation type: batch 176, accepted 1475/1941
AI abbreviation type: batch 177, accepted 1483/1941
AI abbreviation type: batch 178, accepted 1493/1941
AI abbreviation type: batch 179, accepted 1499/1941
AI abbreviation type: batch 180, accepted 1509/1941
AI abbreviation type: batch 181, accepted 1519/1941
AI abbreviation type: batch 182, accepted 1528/1941
AI abbreviation type: batch 183, accepted 1538/1941
AI abbreviation type: batch 184, accepted 1544/1941
AI abbreviation type: batch 185, accepted 1552/1941
AI abbreviation type: batch 186, accepted 1562/1941
AI abbreviation type: batch 187, accepted 1572/1941
AI abbreviation type: batch 188, accepted 1581/1941
AI abbreviation type: batch 189, accepted 1591/1941
AI abbreviation type: batch 190, accepted 1601/1941
AI abbreviation type: batch 191, accepted 1609/1941
AI abbreviation type: batch 192, accepted 1616/1941
AI abbreviation type: batch 193, accepted 1624/1941
AI abbreviation type: batch 194, accepted 1633/1941
AI abbreviation type: batch 195, accepted 1634/1941
AI abbreviation cab: batch 1, accepted 8/8
User-size JSON written: D:\Home\Repo\pipeline_carstable_to_webapp\artifact\2026-09-25_02_pipeline\02_user_size.json
