cwd: D:\Home\Repo\pipeline_carstable_to_webapp
command: C:\Users\hzwlc\AppData\Local\Python\pythoncore-3.14-64\python.exe tools/build_publish_site.py --publish-repo D:\Home\Repo\pipeline_carstable_to_webapp\..\..\Scripts\publish_tables_to_webapp --html-root D:\Home\Repo\pipeline_carstable_to_webapp\artifact\2026-09-25_02_pipeline\04_store_html --pipeline-config D:\Home\Repo\pipeline_carstable_to_webapp\artifact\2026-09-25_02_pipeline\00_input\pipeline.generated.json --html-style-config D:\Home\Repo\pipeline_carstable_to_webapp/configs/html-style.yaml --workspace D:\Home\Repo\pipeline_carstable_to_webapp\artifact\2026-09-25_02_pipeline\05_site_workspace --site-output D:\Home\Repo\pipeline_carstable_to_webapp\public

[configure_publish] stores=['全量生成_EU', '全量生成_RU', '全量生成_US']; reuse existing size reference
[export_csv_sources] C:\Users\hzwlc\AppData\Local\Python\pythoncore-3.14-64\python.exe D:\Home\Repo\pipeline_carstable_to_webapp\artifact\2026-09-25_02_pipeline\05_site_workspace\tools\export_csv_sources.py --pipeline-config D:\Home\Repo\pipeline_carstable_to_webapp\artifact\2026-09-25_02_pipeline\00_input\pipeline.generated.json
[build_site] C:\Users\hzwlc\AppData\Local\Python\pythoncore-3.14-64\python.exe D:\Home\Repo\pipeline_carstable_to_webapp\artifact\2026-09-25_02_pipeline\05_site_workspace\tools\build_site.py
Traceback (most recent call last):
  File "D:\Home\Repo\pipeline_carstable_to_webapp\tools\build_publish_site.py", line 216, in <module>
    main()
    ~~~~^^
  File "D:\Home\Repo\pipeline_carstable_to_webapp\tools\build_publish_site.py", line 211, in main
    apply_site_overrides(site_output)
    ~~~~~~~~~~~~~~~~~~~~^^^^^^^^^^^^^
  File "D:\Home\Repo\pipeline_carstable_to_webapp\tools\build_publish_site.py", line 137, in apply_site_overrides
    build_size_rules_data(DEFAULT_SOURCE, generated)
    ~~~~~~~~~~~~~~~~~~~~~^^^^^^^^^^^^^^^^^^^^^^^^^^^
  File "D:\Home\Repo\pipeline_carstable_to_webapp\tools\build_size_rules_data.py", line 51, in build
    headers, rows = read_verified_csv(source_dir, manifest, name)
                    ~~~~~~~~~~~~~~~~~^^^^^^^^^^^^^^^^^^^^^^^^^^^^
  File "D:\Home\Repo\pipeline_carstable_to_webapp\tools\build_size_rules_data.py", line 32, in read_verified_csv
    raise ValueError(f"{name} 与 manifest.json 的 sha256 不一致，请重新发布上游")
ValueError: 尺码匹配规则_RU.csv 与 manifest.json 的 sha256 不一致，请重新发布上游
