Size chart generation log
Generated at: 2026-09-25T12:35:27
Config: C:\Users\hzwlc\AppData\Local\Temp\html-config-w3nb0qh6\preference.yaml
Output directory: D:\Home\Repo\pipeline_carstable_to_webapp\artifact\2026-09-25_03_pipeline\04_store_html\EU\nonpick
CSS: D:\Home\Repo\pipeline_carstable_to_webapp\artifact\2026-09-25_03_pipeline\04_store_html\EU\nonpick\size-chart.css
Pages: 18
Table chunks: 290
Unique titles: 226
Page table chunks: 19, 16, 22, 18, 20, 20, 15, 19, 21, 12, 14, 12, 13, 11, 18, 15, 12, 13

Inputs:
- C:\Users\hzwlc\AppData\Local\Temp\html-config-w3nb0qh6\EU-non-pickup.tsv
  Sheet: 非皮卡压缩表
  Profile: non-pickup
  Rows after filtering: 4127
  Titles: 226
  Brand column: MAKE
  Stripe column: MODEL
  Table columns: MODEL, YEAR, TYPE, SIZE
  Store column: 店铺
  Store value: (all)

Logo settings:
Enabled: True
Directory: D:\Home\Scripts\generate_size_chart_html\img_logos
Logo files indexed: 49
Matched titles: 44
Missing titles: 182

Logo matches:
- MISSING: AC
- MISSING: AMC
- MISSING: ARO
- MISSING: Abarth
- MISSING: Aeolus
- MISSING: Aion
- MISSING: Aiways
- MISSING: Aixam
- MATCH: Alfa Romeo -> img_logos/Alfa%20Romeo.png
- MISSING: Alpina
- MISSING: Alpine
- MISSING: Apollo
- MISSING: Artega
- MISSING: Asia Motors
- MISSING: Aston Martin
- MATCH: Audi -> img_logos/Audi.png
- MISSING: Austin
- MISSING: Austin-healey
- MISSING: Auto Union
- MISSING: Autobianchi
- MISSING: BAC
- MISSING: BAW
- MISSING: BMC
- MATCH: BMW -> img_logos/BMW.png
- MISSING: BYD
- MISSING: Baic
- MISSING: Barkas
- MISSING: Bedford
- MISSING: Beijing
- MISSING: Bentley
- MISSING: Bestune
- MISSING: Bitter
- MISSING: Bizzarrini
- MISSING: Borgward
- MISSING: Brilliance
- MISSING: Bristol
- MISSING: Bugatti
- MATCH: Buick -> img_logos/Buick.png
- MATCH: Cadillac -> img_logos/Cadillac.png
- MISSING: Callaway
- MISSING: Caterham
- MISSING: Cenntro
- MISSING: Changan
- MISSING: Chery
- MATCH: Chevrolet -> img_logos/Chevrolet.png
- MATCH: Chrysler -> img_logos/CHRYSLER.png
- MISSING: Citroën
- MISSING: Cupra
- MISSING: DAF
- MISSING: DE Lorean
- MISSING: DE Tomaso
- MISSING: DR
- MISSING: DS
- MISSING: Dacia
- MISSING: Daewoo
- MISSING: Daihatsu
- MISSING: Daimler
- MISSING: Deepal
- MISSING: Dfsk
- MATCH: Dodge -> img_logos/Dodge.png
- MISSING: Dongfeng
- MISSING: Donkervoort
- MISSING: E.go
- MISSING: EMC
- MISSING: EMW
- MISSING: EVO
- MISSING: Ebro
- MISSING: Elaris
- MISSING: Exlantix
- MISSING: FSO
- MISSING: Farizon Auto
- MISSING: Fengon
- MISSING: Ferrari
- MISSING: Fest
- MATCH: Fiat -> img_logos/FIAT.png
- MISSING: Firefly
- MISSING: Fisker
- MATCH: Ford -> img_logos/Ford.png
- MATCH: Ford Australia -> img_logos/Ford.png
- MATCH: Ford USA -> img_logos/Ford.png
- MISSING: Forthing
- MISSING: GAC
- MISSING: GAZ
- MATCH: GMC -> img_logos/GMC.png
- MISSING: Galloper
- MISSING: Geely
- MATCH: Genesis -> img_logos/Genesis.png
- MISSING: German E Cars
- MISSING: Glas
- MISSING: Great Wall
- MISSING: Gumpert
- MISSING: Haval
- MATCH: Honda -> img_logos/Honda.png
- MISSING: Hongqi
- MISSING: Hummer
- MATCH: Hyundai -> img_logos/Hyundai.png
- MISSING: ISO
- MISSING: Ich-x
- MISSING: Ickx
- MATCH: Ineos -> img_logos/Ineos.png
- MATCH: Infiniti -> img_logos/Infiniti.png
- MISSING: Innocenti
- MISSING: Irmscher
- MISSING: Isdera
- MISSING: Isorivolta
- MISSING: Isuzu
- MISSING: Iveco
- MISSING: JAC
- MISSING: Jaecoo
- MATCH: Jaguar -> img_logos/Jaguar.png
- MATCH: Jeep -> img_logos/Jeep.png
- MISSING: KG Mobility
- MATCH: KIA -> img_logos/Kia.png
- MISSING: KTM
- MATCH: Karma -> img_logos/Karma.png
- MISSING: Koenigsegg
- MISSING: LDV
- MISSING: LTI
- MISSING: Lada
- MISSING: Lamborghini
- MISSING: Lancia
- MATCH: Land Rover -> img_logos/Land%20Rover.png
- MISSING: Leapmotor
- MISSING: Levc
- MATCH: Lexus -> img_logos/Lexus.png
- MISSING: Lifan
- MISSING: Ligier
- MATCH: Lincoln -> img_logos/Lincoln.png
- MISSING: Livan Auto
- MISSING: Lloyd
- MISSING: Lotus
- MISSING: Lucid
- MISSING: Lynk & CO
- MISSING: M-hero
- MISSING: MG
- MISSING: MIA Electric
- MISSING: MPM Motors
- MISSING: Mahindra
- MISSING: Marcos
- MATCH: Maserati -> img_logos/Maserati.png
- MISSING: Maxus
- MISSING: Maybach
- MATCH: Mazda -> img_logos/Mazda.png
- MISSING: Mclaren
- MATCH: Mercedes-benz -> img_logos/Mercedes-Benz.png
- MATCH: Mercury -> img_logos/MERCURY.png
- MISSING: Minelli
- MATCH: Mini -> img_logos/Mini.png
- MATCH: Mitsubishi -> img_logos/Mitsubishi.png
- MISSING: Mitsuoka
- MISSING: Morgan
- MISSING: Morris
- MISSING: Moskvich
- MISSING: Mosler
- MISSING: NIO
- MISSING: NSU
- MISSING: Navor
- MISSING: Nextem
- MATCH: Nissan -> img_logos/Nissan.png
- MISSING: OHM
- MISSING: ORA
- MATCH: Oldsmobile -> img_logos/Oldsmobile.png
- MISSING: Omoda
- MISSING: Opel
- MISSING: Pagani
- MISSING: Peugeot
- MISSING: Piaggio
- MISSING: Pininfarina
- MATCH: Plymouth -> img_logos/Plymouth.png
- MISSING: Polaris
- MATCH: Polestar -> img_logos/Polestar.png
- MATCH: Pontiac -> img_logos/PONTIAC.png
- MATCH: Porsche -> img_logos/Porsche.png
- MISSING: Proton
- MISSING: Puch
- MISSING: RUF
- MISSING: Renault
- MISSING: Riley
- MISSING: Rimac
- MISSING: Rolls-royce
- MISSING: Rover
- MISSING: SWM Motors
- MATCH: Saab -> img_logos/SAAB.png
- MISSING: Santana
- MISSING: Seat
- MISSING: Seres
- MISSING: Shuanghuan
- MISSING: Skoda
- MISSING: Skywell
- MISSING: Smart
- MISSING: Sportequipe
- MISSING: Spyker
- MISSING: Ssangyong
- MISSING: Streetscooter
- MATCH: Subaru -> img_logos/Subaru.png
- MATCH: Suzuki -> img_logos/Suzuki.png
- MISSING: TVR
- MISSING: Talbot
- MISSING: Tata
- MATCH: Tesla -> img_logos/Tesla.png
- MISSING: Think
- MISSING: Tiger
- MISSING: Togg
- MATCH: Toyota -> img_logos/Toyota.png
- MISSING: Trabant
- MISSING: Triumph
- MISSING: Tropos
- MISSING: Tyn-e
- MISSING: UAZ
- MISSING: VW
- MISSING: Vauxhall
- MISSING: Vector
- MATCH: Vinfast -> img_logos/VinFast.png
- MATCH: Volvo -> img_logos/Volvo.png
- MISSING: Voyah
- MISSING: WEY
- MISSING: Wartburg
- MISSING: Wiesmann
- MISSING: Xbus
- MISSING: Xpeng
- MISSING: Yudo
- MISSING: Yugo
- MISSING: ZAZ
- MISSING: Zastava
- MISSING: Zeekr
- MISSING: Zenvo
