Size chart generation log
Generated at: 2026-08-18T17:49:45
Config: C:\Users\cc\AppData\Local\Temp\html-config-kf5tcjit\TM-拆分-preference.yaml
Output directory: data\middle\04_html\TM-拆分\nonpick
CSS: data\middle\04_html\TM-拆分\nonpick\size-chart.css
Pages: 1
Table chunks: 35
Unique titles: 33
Page table chunks: 35

Inputs:
- C:\Users\cc\AppData\Local\Temp\html-config-kf5tcjit\TM-拆分-non-pickup.tsv
  Sheet: 非皮卡压缩表
  Profile: non-pickup
  Rows after filtering: 129
  Titles: 33
  Brand column: MAKE
  Stripe column: MODEL
  Table columns: MODEL, YEAR, TYPE
  Store column: 店铺
  Store value: (all)

Logo settings:
Enabled: True
Directory: D:\Licheng\Repo\generate_size_chart_html\img_logos
Logo files indexed: 49
Matched titles: 33
Missing titles: 0

Logo matches:
- MATCH: Acura -> img_logos/Acura.png
- MATCH: Audi -> img_logos/Audi.png
- MATCH: BMW -> img_logos/BMW.png
- MATCH: Buick -> img_logos/Buick.png
- MATCH: Cadillac -> img_logos/Cadillac.png
- MATCH: Chevrolet -> img_logos/Chevrolet.png
- MATCH: Chrysler -> img_logos/CHRYSLER.png
- MATCH: Dodge -> img_logos/Dodge.png
- MATCH: Ford -> img_logos/Ford.png
- MATCH: Genesis -> img_logos/Genesis.png
- MATCH: Honda -> img_logos/Honda.png
- MATCH: Hyundai -> img_logos/Hyundai.png
- MATCH: Infiniti -> img_logos/Infiniti.png
- MATCH: Jaguar -> img_logos/Jaguar.png
- MATCH: Karma Automotive -> img_logos/Karma.png
- MATCH: Kia -> img_logos/Kia.png
- MATCH: Lexus -> img_logos/Lexus.png
- MATCH: Lincoln -> img_logos/Lincoln.png
- MATCH: Lucid Motors -> img_logos/Lucid%20Motors.png
- MATCH: Maserati -> img_logos/Maserati.png
- MATCH: Mazda -> img_logos/Mazda.png
- MATCH: Mercedes-Benz -> img_logos/Mercedes-Benz.png
- MATCH: Mercury -> img_logos/MERCURY.png
- MATCH: Mitsubishi -> img_logos/Mitsubishi.png
- MATCH: Nissan -> img_logos/Nissan.png
- MATCH: Oldsmobile -> img_logos/Oldsmobile.png
- MATCH: Plymouth -> img_logos/Plymouth.png
- MATCH: Pontiac -> img_logos/PONTIAC.png
- MATCH: Porsche -> img_logos/Porsche.png
- MATCH: Saab -> img_logos/SAAB.png
- MATCH: Toyota -> img_logos/Toyota.png
- MATCH: Volkswagen -> img_logos/Volkswagen.png
- MATCH: Volvo -> img_logos/Volvo.png
