Size chart generation log
Generated at: 2026-09-25T10:55:51
Config: C:\Users\hzwlc\AppData\Local\Temp\html-config-zu9h7t_y\preference.yaml
Output directory: D:\Home\Repo\pipeline_carstable_to_webapp\artifact\2026-09-25_02_pipeline\04_store_html\全量生成_RU\nonpick
CSS: D:\Home\Repo\pipeline_carstable_to_webapp\artifact\2026-09-25_02_pipeline\04_store_html\全量生成_RU\nonpick\size-chart.css
Pages: 20
Table chunks: 398
Unique titles: 333
Page table chunks: 21, 14, 26, 19, 24, 9, 29, 17, 24, 26, 18, 12, 12, 19, 26, 25, 17, 18, 35, 7

Inputs:
- C:\Users\hzwlc\AppData\Local\Temp\html-config-zu9h7t_y\全量生成_RU-non-pickup.tsv
  Sheet: 非皮卡压缩表
  Profile: non-pickup
  Rows after filtering: 4309
  Titles: 333
  Brand column: MAKE
  Stripe column: MODEL
  Table columns: MODEL, YEAR, TYPE, SIZE
  Store column: 店铺
  Store value: (all)

Logo settings:
Enabled: True
Directory: D:\Home\Scripts\generate_size_chart_html\img_logos
Logo files indexed: 49
Matched titles: 47
Missing titles: 286

Logo matches:
- MISSING: 212
- MISSING: AC
- MISSING: AM General
- MISSING: AMC
- MISSING: Abarth
- MATCH: Acura -> img_logos/Acura.png
- MISSING: Adam
- MISSING: Adler
- MISSING: Aion
- MISSING: Aito
- MISSING: Aiways
- MATCH: Alfa Romeo -> img_logos/Alfa%20Romeo.png
- MISSING: Alpina
- MISSING: Alpine
- MISSING: Arcfox
- MISSING: Aston Martin
- MATCH: Audi -> img_logos/Audi.png
- MISSING: Austin
- MISSING: Austin Healey
- MISSING: Auto Union
- MISSING: Autobianchi
- MISSING: Avatr
- MISSING: BAIC
- MISSING: BAW
- MATCH: BMW -> img_logos/BMW.png
- MISSING: BYD
- MISSING: Baojun
- MISSING: Belgee
- MISSING: Bentley
- MISSING: Bestune
- MISSING: Bilenkin
- MISSING: Bio Auto
- MISSING: Bitter
- MISSING: Bizzarrini
- MISSING: Borgward
- MISSING: Brabus
- MISSING: Brilliance
- MISSING: Bristol
- MISSING: Bugatti
- MATCH: Buick -> img_logos/Buick.png
- MATCH: Cadillac -> img_logos/Cadillac.png
- MISSING: Callaway
- MISSING: Carbodies
- MISSING: Caterham
- MISSING: Chana
- MISSING: Changan
- MISSING: Changfeng
- MISSING: Changhe
- MISSING: Chery
- MATCH: Chevrolet -> img_logos/Chevrolet.png
- MATCH: Chrysler -> img_logos/CHRYSLER.png
- MISSING: Citroen
- MISSING: Cizeta
- MISSING: Coda
- MISSING: Cord
- MISSING: Cupra
- MISSING: Czinger
- MISSING: DKW
- MISSING: DR
- MISSING: DS
- MISSING: DW Hower
- MISSING: Dacia
- MISSING: Dadi
- MISSING: Daewoo
- MISSING: Daihatsu
- MISSING: Daimler
- MISSING: Dallara
- MISSING: Datsun
- MISSING: De Tomaso
- MISSING: DeLorean
- MISSING: Delage
- MISSING: Denza
- MISSING: Derways
- MATCH: Dodge -> img_logos/Dodge.png
- MISSING: Dongfeng
- MISSING: Doninvest
- MISSING: Donkervoort
- MISSING: E-Car
- MISSING: Eagle
- MISSING: Eagle Cars
- MISSING: Enovate (Enoreve)
- MISSING: Esteo
- MISSING: Evolute
- MISSING: Exeed
- MISSING: FAW
- MISSING: FSO
- MISSING: Facel Vega
- MISSING: Ferrari
- MATCH: Fiat -> img_logos/FIAT.png
- MISSING: Fisker
- MISSING: Flanker
- MATCH: Ford -> img_logos/Ford.png
- MISSING: Forthing
- MISSING: Foton
- MISSING: Franklin
- MISSING: GAC
- MISSING: GAC Trumpchi
- MISSING: GMA
- MATCH: GMC -> img_logos/GMC.png
- MISSING: GP
- MISSING: Geely
- MATCH: Genesis -> img_logos/Genesis.png
- MISSING: Geo
- MISSING: Gonow
- MISSING: Gordon
- MISSING: Great Wall
- MISSING: Gumpert
- MISSING: Hafei
- MISSING: Haima
- MISSING: Hanomag
- MISSING: Hanteng
- MISSING: Haval
- MISSING: Hawtai
- MISSING: Hedmos
- MISSING: Hennessey
- MISSING: HiPhi
- MISSING: Hindustan
- MISSING: Holden
- MATCH: Honda -> img_logos/Honda.png
- MISSING: Hongqi
- MISSING: Horch
- MISSING: Hozon
- MISSING: Huaihai (Hoann)
- MISSING: HuangHai
- MISSING: Humber
- MISSING: Hummer
- MISSING: Hycan
- MISSING: Hyperion
- MATCH: Hyundai -> img_logos/Hyundai.png
- MISSING: IM Motors (Zhiji)
- MATCH: Ineos -> img_logos/Ineos.png
- MATCH: Infiniti -> img_logos/Infiniti.png
- MISSING: Innocenti
- MISSING: Invicta
- MISSING: Iran Khodro
- MISSING: Isdera
- MISSING: Isuzu
- MISSING: Iveco
- MISSING: JAC
- MISSING: JMEV
- MISSING: Jaecoo
- MATCH: Jaguar -> img_logos/Jaguar.png
- MATCH: Jeep -> img_logos/Jeep.png
- MISSING: Jeland
- MISSING: Jensen
- MISSING: Jetour
- MISSING: Jetta
- MISSING: Jidu
- MISSING: KGM
- MISSING: KTM AG
- MISSING: Kaiyi
- MATCH: Kia -> img_logos/Kia.png
- MISSING: Koenigsegg
- MISSING: LTI
- MISSING: Lada (ВАЗ)
- MISSING: Lamborghini
- MISSING: Lancia
- MATCH: Land Rover -> img_logos/Land%20Rover.png
- MISSING: Landwind
- MISSING: Leapmotor
- MISSING: Letin
- MATCH: Lexus -> img_logos/Lexus.png
- MISSING: Li Auto (Lixiang)
- MISSING: Liebao Motor
- MISSING: Lifan
- MISSING: Ligier
- MATCH: Lincoln -> img_logos/Lincoln.png
- MISSING: Lingxi
- MISSING: Livan
- MISSING: Logem
- MISSING: Lotus
- MISSING: Lucid
- MISSING: Luxeed
- MISSING: Luxgen
- MISSING: Lynk & Co
- MISSING: M-Hero
- MISSING: MG
- MISSING: Mahindra
- MISSING: Marcos
- MISSING: Marlin
- MISSING: Marussia
- MISSING: Maruti
- MATCH: Maserati -> img_logos/Maserati.png
- MISSING: Matra
- MISSING: Maxus
- MATCH: Mazda -> img_logos/Mazda.png
- MISSING: McLaren
- MISSING: Mega
- MATCH: Mercedes-Benz -> img_logos/Mercedes-Benz.png
- MATCH: Mercury -> img_logos/MERCURY.png
- MISSING: Merkur
- MISSING: Mia
- MISSING: Microcar
- MISSING: Minelli
- MATCH: Mini -> img_logos/Mini.png
- MATCH: Mitsubishi -> img_logos/Mitsubishi.png
- MISSING: Mitsuoka
- MISSING: Mobilize
- MISSING: Morgan
- MISSING: Morris
- MISSING: Nio
- MATCH: Nissan -> img_logos/Nissan.png
- MISSING: Noble
- MISSING: Nordcross
- MATCH: Oldsmobile -> img_logos/Oldsmobile.png
- MISSING: Oltcit
- MISSING: Omoda
- MISSING: Opel
- MISSING: Ora
- MISSING: Orange
- MISSING: Osca
- MISSING: Oshan
- MISSING: Oting
- MISSING: PGO
- MISSING: Pagani
- MISSING: Panoz
- MISSING: Perodua
- MISSING: Peugeot
- MATCH: Plymouth -> img_logos/Plymouth.png
- MISSING: Polar Stone (Jishi)
- MATCH: Polestar -> img_logos/Polestar.png
- MATCH: Pontiac -> img_logos/PONTIAC.png
- MATCH: Porsche -> img_logos/Porsche.png
- MISSING: Premier
- MISSING: Proton
- MISSING: Puch
- MISSING: Puma
- MISSING: Punk
- MISSING: Qiantu
- MISSING: Qoros
- MISSING: Qvale
- MATCH: Ram -> img_logos/Ram.png
- MISSING: Renaissance
- MISSING: Renault
- MISSING: Renault Samsung
- MISSING: Rezvani
- MISSING: Rimac
- MISSING: Rinspeed
- MISSING: Rising Auto
- MATCH: Rivian -> img_logos/RIVIAN.png
- MISSING: Roewe
- MISSING: Rolls-Royce
- MISSING: Ronart
- MISSING: Rossa
- MISSING: Rover
- MISSING: Rox
- MISSING: SAIC
- MISSING: SEAT
- MATCH: Saab -> img_logos/SAAB.png
- MISSING: Saipa
- MISSING: Santana
- MATCH: Saturn -> img_logos/SATURN.png
- MATCH: Scion -> img_logos/Scion.png
- MISSING: Scout
- MISSING: Seres
- MISSING: Shanghai Maple
- MISSING: ShuangHuan
- MISSING: Simca
- MISSING: Skoda
- MISSING: Skywell
- MISSING: Skyworth
- MISSING: Smart
- MISSING: Solaris
- MISSING: Soueast
- MISSING: Spectre
- MISSING: Spyker
- MISSING: SsangYong
- MATCH: Subaru -> img_logos/Subaru.png
- MATCH: Suzuki -> img_logos/Suzuki.png
- MISSING: TVR
- MISSING: Talbot
- MISSING: Tank
- MISSING: Tata
- MISSING: Tatra
- MISSING: Tenet
- MATCH: Tesla -> img_logos/Tesla.png
- MISSING: Thairung
- MISSING: Think
- MISSING: Tianye
- MISSING: Tofas
- MATCH: Toyota -> img_logos/Toyota.png
- MISSING: Trabant
- MISSING: Tramontana
- MISSING: Triumph
- MISSING: UMO
- MISSING: Ultima
- MISSING: VGV
- MISSING: VUHL
- MISSING: Vauxhall
- MISSING: Vector
- MISSING: Venturi
- MISSING: Venucia
- MATCH: VinFast -> img_logos/VinFast.png
- MISSING: Volga
- MATCH: Volkswagen -> img_logos/Volkswagen.png
- MATCH: Volvo -> img_logos/Volvo.png
- MISSING: Vortex
- MISSING: Voyah
- MISSING: W Motors
- MISSING: Wanderer
- MISSING: Wartburg
- MISSING: Weltmeister
- MISSING: Wey
- MISSING: Wiesmann
- MISSING: Willys
- MISSING: Wuling
- MISSING: Xcite
- MISSING: Xiaomi
- MISSING: Xin Kai
- MISSING: Xpeng
- MISSING: Yema
- MISSING: Yipai
- MISSING: Yulon
- MISSING: ZX
- MISSING: Zastava
- MISSING: Zeekr
- MISSING: Zenos
- MISSING: Zenvo
- MISSING: Zhido
- MISSING: Zotye
- MISSING: Zubr
- MISSING: iCar
- MISSING: iCaur
- MISSING: Амберавто
- MISSING: Атом
- MISSING: ГАЗ
- MISSING: ЗАЗ
- MISSING: Иж
- MISSING: Комбат
- MISSING: Москвич
- MISSING: Спортивные авто и реплики
- MISSING: ТагАЗ
- MISSING: УАЗ
